// Jest Snapshot v1, https://goo.gl/fbAQLP

exports[`matches snapshot 1`] = `
<DocumentFragment>
  <div>
    <h3>
      Check Out These Boxes
    </h3>
    <form>
      <label
        for="color"
      >
        Choose Color
      </label>
      <input
        id="color"
        name="color"
        type="color"
        value=""
      />
      <label
        for="height"
      >
        Height: 
      </label>
      <input
        id="height"
        max="200"
        min="10"
        name="height"
        type="range"
        value=""
      />
      <label
        for="width"
      >
        Width: 
      </label>
      <input
        id="width"
        max="200"
        min="10"
        name="width"
        type="range"
        value=""
      />
      <input
        type="submit"
        value="Add"
      />
    </form>
    <div>
      <div
        class="BoxHolder"
      >
        <div
          class="box"
          style="height: 20px; width: 20px; background-color: black; display: inline-block;"
        />
        <button>
          x
        </button>
      </div>
      <div
        class="BoxHolder"
      >
        <div
          class="box"
          style="height: 30px; width: 30px; background-color: black; display: inline-block;"
        />
        <button>
          x
        </button>
      </div>
    </div>
  </div>
</DocumentFragment>
`;
